// Jest Snapshot v1, https://goo.gl/fbAQLP

exports[`should render NoMatch component 1`] = `
<div>
  <h3>
    Page not found
  </h3>
  <Link
    replace={false}
    to="/"
  >
    Home
  </Link>
</div>
`;
